// Jest Snapshot v1, https://goo.gl/fbAQLP

exports[`Search renders correctly 1`] = `
ShallowWrapper {
  "length": 1,
  Symbol(enzyme.__root__): [Circular],
  Symbol(enzyme.__unrendered__): <Search
    placeholder="test input"
  />,
  Symbol(enzyme.__renderer__): Object {
    "batchedUpdates": [Function],
    "getNode": [Function],
    "render": [Function],
    "simulateEvent": [Function],
    "unmount": [Function],
  },
  Symbol(enzyme.__node__): Object {
    "instance": null,
    "key": undefined,
    "nodeType": "host",
    "props": Object {
      "children": <input
        onChange={[Function]}
        placeholder="TEST INPUT"
        value=""
      />,
      "className": "search",
    },
    "ref": null,
    "rendered": Object {
      "instance": null,
      "key": undefined,
      "nodeType": "host",
      "props": Object {
        "onChange": [Function],
        "placeholder": "TEST INPUT",
        "value": "",
      },
      "ref": null,
      "rendered": null,
      "type": "input",
    },
    "type": "div",
  },
  Symbol(enzyme.__nodes__): Array [
    Object {
      "instance": null,
      "key": undefined,
      "nodeType": "host",
      "props": Object {
        "children": <input
          onChange={[Function]}
          placeholder="TEST INPUT"
          value=""
        />,
        "className": "search",
      },
      "ref": null,
      "rendered": Object {
        "instance": null,
        "key": undefined,
        "nodeType": "host",
        "props": Object {
          "onChange": [Function],
          "placeholder": "TEST INPUT",
          "value": "",
        },
        "ref": null,
        "rendered": null,
        "type": "input",
      },
      "type": "div",
    },
  ],
  Symbol(enzyme.__options__): Object {
    "adapter": ReactSixteenAdapter {
      "options": Object {
        "enableComponentDidUpdateOnSetState": true,
      },
    },
  },
}
`;
